main.c:109:6:HAL_GPIO_EXTI_Callback	16	static
main.c:149:6:Hal_DAC_ConvCpltcallbackCh1	24	static
main.c:162:6:Hal_DAC_ConHalfCpltcallbackCh1	16	static
main.c:173:6:Hal_ADC_ConvCpltcallbackCh1	16	static
main.c:177:8:Hal_ADC_ConHalfCpltcallbackCh1	16	static
main.c:187:5:main	24	static
main.c:372:6:SystemClock_Config	88	static
main.c:417:13:MX_ADC2_Init	24	static
main.c:467:13:MX_DAC_Init	16	static
main.c:505:13:MX_SPI2_Init	8	static
main.c:543:13:MX_TIM2_Init	32	static
main.c:588:13:MX_TIM3_Init	32	static
main.c:633:13:MX_USART2_UART_Init	8	static
main.c:664:13:MX_DMA_Init	16	static
main.c:689:13:MX_GPIO_Init	40	static
main.c:759:6:Error_Handler	4	static
